133:  A:1  B:2  C:3  D:5  E:8  K:13  L:1  M:2  N:3  U:89  V:1  W:2  X:3
