
Thanks for using JUnit! Support its development at https://junit.org/sponsoring

[36mâ•·[0m
[36mâ”œâ”€[0m [36mJUnit Jupiter[0m [32mâœ”[0m
[36mâ”‚  â””â”€[0m [36mTestRequirements[0m [32mâœ”[0m
[36mâ”‚     â”œâ”€[0m [34mtestAddPerk()[0m [32mâœ”[0m
[36mâ”‚     â”œâ”€[0m [34mtestRequirements()[0m [32mâœ”[0m
[36mâ”‚     â””â”€[0m [34mtestAddDependency()[0m [32mâœ”[0m
[36mâ””â”€[0m [36mJUnit Vintage[0m [32mâœ”[0m

Test run finished after 74 ms
[         3 containers found      ]
[         0 containers skipped    ]
[         3 containers started    ]
[         0 containers aborted    ]
[         3 containers successful ]
[         0 containers failed     ]
[         3 tests found           ]
[         0 tests skipped         ]
[         3 tests started         ]
[         0 tests aborted         ]
[         3 tests successful      ]
[         0 tests failed          ]

