453:  0E:8  0F:13  0G:21  0H:34  0I:55  0J:89  1O:8  1P:13  1Q:21  1R:34  1S:55  1T:89  1Z:13
