30:  A:1  B:2  C:1  D:2  E:1  F:2  G:1  H:2  I:1  J:2  K:1  L:2  M:1  N:2  O:1  P:2  Q:1  R:2  S:1  T:2
